[INFO] Scanning for projects...
[WARNING] 
[WARNING] Some problems were encountered while building the effective model for com.testing-practice:duoclone-backend:jar:0.0.1-SNAPSHOT
[WARNING] 'dependencies.dependency.(groupId:artifactId:type:classifier)' must be unique: com.mysql:mysql-connector-j:jar -> duplicate declaration of version (?) @ line 82, column 21
[WARNING] 'dependencies.dependency.(groupId:artifactId:type:classifier)' must be unique: io.jsonwebtoken:jjwt-api:jar -> duplicate declaration of version 0.11.5 @ line 137, column 21
[WARNING] 
[WARNING] It is highly recommended to fix these problems because they threaten the stability of your build.
[WARNING] 
[WARNING] For this reason, future Maven versions might no longer support building such malformed projects.
[WARNING] 
[INFO] 
[INFO] ---------------< com.testing-practice:duoclone-backend >----------------
[INFO] Building duoclone-backend 0.0.1-SNAPSHOT
[INFO]   from pom.xml
[INFO] --------------------------------[ jar ]---------------------------------
[INFO] 
[INFO] --- clean:3.4.1:clean (default-clean) @ duoclone-backend ---
[INFO] Deleting C:\Users\vezzo\OneDrive\Github\JudokaPro\ludolang-backend\target
[INFO] 
[INFO] --- resources:3.3.1:resources (default-resources) @ duoclone-backend ---
[INFO] Copying 1 resource from src\main\resources to target\classes
[INFO] Copying 0 resource from src\main\resources to target\classes
[INFO] 
[INFO] --- kotlin:2.2.0:compile (compile) @ duoclone-backend ---
[WARNING] Source root doesn't exist: C:\Users\vezzo\OneDrive\Github\JudokaPro\ludolang-backend\src\main\java
[INFO] Applied plugin: 'spring'
[INFO] Applied plugin: 'jpa'
[INFO] Applied plugin: 'all-open'
[ERROR] file:///C:/Users/vezzo/OneDrive/Github/JudokaPro/ludolang-backend/src/main/kotlin/com/testingpractice/duoclonebackend/progress/app/service/ExerciseAttemptService.kt:131:14 None of the following candidates is applicable:
fun <T> Pair<T, T>.toList(): List<T>
fun <T> Triple<T, T, T>.toList(): List<T>
fun <T> Array<out T>.toList(): List<T>
fun ByteArray.toList(): List<Byte>
fun ShortArray.toList(): List<Short>
fun IntArray.toList(): List<Int>
fun LongArray.toList(): List<Long>
fun FloatArray.toList(): List<Float>
fun DoubleArray.toList(): List<Double>
fun BooleanArray.toList(): List<Boolean>
fun CharArray.toList(): List<Char>
fun <T> Enumeration<T>.toList(): List<T>
fun <T> Iterable<T>.toList(): List<T>
fun <K, V> Map<out K, V>.toList(): List<Pair<K, V>>
fun <T> Sequence<T>.toList(): List<T>
fun CharSequence.toList(): List<Char>
[INFO] ------------------------------------------------------------------------
[INFO] BUILD FAILURE
[INFO] ------------------------------------------------------------------------
[INFO] Total time:  13.407 s
[INFO] Finished at: 2026-03-28T10:14:17-03:00
[INFO] ------------------------------------------------------------------------
[ERROR] Failed to execute goal org.jetbrains.kotlin:kotlin-maven-plugin:2.2.0:compile (compile) on project duoclone-backend: Compilation failure
[ERROR] file:///C:/Users/vezzo/OneDrive/Github/JudokaPro/ludolang-backend/src/main/kotlin/com/testingpractice/duoclonebackend/progress/app/service/ExerciseAttemptService.kt:131:14 None of the following candidates is applicable:
[ERROR] fun <T> Pair<T, T>.toList(): List<T>
[ERROR] fun <T> Triple<T, T, T>.toList(): List<T>
[ERROR] fun <T> Array<out T>.toList(): List<T>
[ERROR] fun ByteArray.toList(): List<Byte>
[ERROR] fun ShortArray.toList(): List<Short>
[ERROR] fun IntArray.toList(): List<Int>
[ERROR] fun LongArray.toList(): List<Long>
[ERROR] fun FloatArray.toList(): List<Float>
[ERROR] fun DoubleArray.toList(): List<Double>
[ERROR] fun BooleanArray.toList(): List<Boolean>
[ERROR] fun CharArray.toList(): List<Char>
[ERROR] fun <T> Enumeration<T>.toList(): List<T>
[ERROR] fun <T> Iterable<T>.toList(): List<T>
[ERROR] fun <K, V> Map<out K, V>.toList(): List<Pair<K, V>>
[ERROR] fun <T> Sequence<T>.toList(): List<T>
[ERROR] fun CharSequence.toList(): List<Char>
[ERROR] 
[ERROR] -> [Help 1]
[ERROR] 
[ERROR] To see the full stack trace of the errors, re-run Maven with the -e switch.
[ERROR] Re-run Maven using the -X switch to enable full debug logging.
[ERROR] 
[ERROR] For more information about the errors and possible solutions, please read the following articles:
[ERROR] [Help 1] http://cwiki.apache.org/confluence/display/MAVEN/MojoFailureException
